// Jest Snapshot v1, https://goo.gl/fbAQLP

exports[`<Product /> Renders and matches the snapshot 1`] = `
<div>
  <div
    class="sc-beySPh bhETCH"
  >
    <img
      alt="dogs are best"
      src="dog.jpg"
    />
    <h3
      class="sc-guDLey fXidtN"
    >
      <a
        href="/product/abc123"
      >
        dogs are best
      </a>
    </h3>
    <span
      class="sc-dmyCSP eslAYv"
    >
      $50
    </span>
    <p>
      dogs
    </p>
    <div
      class="buttonList"
    >
      <a
        href="update?id=abc123"
      >
        Edit ðŸ’…
      </a>
      <button
        type="button"
      >
        Add
         To Cart ðŸ›’
      </button>
      <button
        type="button"
      >
        Delete
      </button>
    </div>
  </div>
</div>
`;
